// Jest Snapshot v1, https://goo.gl/fbAQLP

exports[`<Register /> renders correctly 1`] = `
<div
  class="sc-ifAKCX kMXFrU"
>
  <div
    class="sc-bdVaJa dpDiBc"
    height="480px"
    width="40%"
  >
    <div
      class="sc-EHOje ePbsYW"
    >
      <h1
        class="sc-bZQynM hQqxvj"
      >
        Register
      </h1>
      <div>
        <form
          class="sc-gzVnrw ieXoIT"
        >
          <div
            class="sc-htoDjs hJpmtM"
          >
            <label
              for="name"
            >
              Name
            </label>
            <input
              id="name"
              name="name"
              placeholder="Name"
              required=""
              type="text"
              value=""
            />
          </div>
          <div
            class="sc-htoDjs hJpmtM"
          >
            <label
              for="username"
            >
              Username
            </label>
            <input
              id="username"
              name="username"
              placeholder="Username"
              required=""
              type="text"
              value=""
            />
          </div>
          <div
            class="sc-htoDjs hJpmtM"
          >
            <label
              for="password"
            >
              Password
            </label>
            <input
              id="password"
              name="password"
              placeholder="Password"
              required=""
              type="password"
              value=""
            />
          </div>
          <div
            class="sc-htoDjs hJpmtM"
          >
            <button
              class="sc-bwzfXH ktHgFu"
            >
              Submit
            </button>
          </div>
        </form>
      </div>
    </div>
  </div>
</div>
`;
